\BOOKMARK [0][-]{chapter.1}{\376\377\000I\000n\000t\000r\000o\000d\000u\000c\000t\000i\000o\000n}{}% 1
\BOOKMARK [1][-]{section.1.1}{\376\377\000B\000a\000c\000k\000g\000r\000o\000u\000n\000d\000\040\000a\000n\000d\000\040\000M\000o\000t\000i\000v\000a\000t\000i\000o\000n}{chapter.1}% 2
\BOOKMARK [1][-]{section.1.2}{\376\377\000P\000r\000o\000b\000l\000e\000m\000\040\000S\000t\000a\000t\000e\000m\000e\000n\000t}{chapter.1}% 3
\BOOKMARK [1][-]{section.1.3}{\376\377\000P\000r\000o\000j\000e\000c\000t\000\040\000O\000b\000j\000e\000c\000t\000i\000v\000e\000s}{chapter.1}% 4
\BOOKMARK [1][-]{section.1.4}{\376\377\000P\000r\000o\000j\000e\000c\000t\000\040\000S\000c\000o\000p\000e}{chapter.1}% 5
\BOOKMARK [1][-]{section.1.5}{\376\377\000K\000e\000y\000\040\000C\000o\000n\000t\000r\000i\000b\000u\000t\000i\000o\000n\000s}{chapter.1}% 6
\BOOKMARK [1][-]{section.1.6}{\376\377\000T\000h\000e\000s\000i\000s\000\040\000O\000r\000g\000a\000n\000i\000z\000a\000t\000i\000o\000n}{chapter.1}% 7
\BOOKMARK [0][-]{chapter.2}{\376\377\000S\000y\000s\000t\000e\000m\000\040\000D\000e\000s\000i\000g\000n\000\040\000a\000n\000d\000\040\000M\000e\000t\000h\000o\000d\000o\000l\000o\000g\000y}{}% 8
\BOOKMARK [1][-]{section.2.1}{\376\377\000A\000R\0004\000\040\000R\000e\000s\000t\000o\000r\000a\000t\000i\000o\000n\000\040\000a\000n\000d\000\040\000H\000a\000r\000d\000w\000a\000r\000e\000\040\000M\000o\000d\000i\000f\000i\000c\000a\000t\000i\000o\000n\000s}{chapter.2}% 9
\BOOKMARK [2][-]{subsection.2.1.1}{\376\377\000J\000o\000i\000n\000t\000\040\0003\000\040\000M\000e\000c\000h\000a\000n\000i\000c\000a\000l\000\040\000T\000r\000a\000n\000s\000m\000i\000s\000s\000i\000o\000n\000\040\000U\000p\000g\000r\000a\000d\000e}{section.2.1}% 10
\BOOKMARK [2][-]{subsection.2.1.2}{\376\377\000S\000h\000a\000f\000t\000\040\000K\000e\000y\000\040\000R\000e\000-\000M\000a\000n\000u\000f\000a\000c\000t\000u\000r\000i\000n\000g\000\040\000i\000n\000\040\000J\000o\000i\000n\000t\000\040\0003}{section.2.1}% 11
\BOOKMARK [2][-]{subsection.2.1.3}{\376\377\000E\000n\000c\000o\000d\000e\000r\000\040\000S\000i\000g\000n\000a\000l\000\040\000N\000o\000i\000s\000e\000\040\000i\000n\000\040\000J\000o\000i\000n\000t\000s\000\040\0005\000\040\000a\000n\000d\000\040\0006}{section.2.1}% 12
\BOOKMARK [1][-]{section.2.2}{\376\377\000C\000a\000r\000t\000e\000s\000i\000a\000n\000\040\000C\000a\000l\000i\000b\000r\000a\000t\000i\000o\000n\000\040\000o\000f\000\040\000t\000h\000e\000\040\000A\000R\0004\000\040\000C\000o\000l\000l\000a\000b\000o\000r\000a\000t\000i\000v\000e\000\040\000R\000o\000b\000o\000t}{chapter.2}% 13
\BOOKMARK [2][-]{subsection.2.2.1}{\376\377\000E\000x\000p\000e\000r\000i\000m\000e\000n\000t\000a\000l\000\040\000S\000e\000t\000u\000p}{section.2.2}% 14
\BOOKMARK [2][-]{subsection.2.2.2}{\376\377\000C\000a\000r\000t\000e\000s\000i\000a\000n\000\040\000E\000r\000r\000o\000r\000\040\000C\000h\000a\000r\000a\000c\000t\000e\000r\000i\000z\000a\000t\000i\000o\000n}{section.2.2}% 15
\BOOKMARK [2][-]{subsection.2.2.3}{\376\377\000C\000a\000l\000i\000b\000r\000a\000t\000i\000o\000n\000\040\000M\000e\000t\000h\000o\000d\000\040\000S\000e\000l\000e\000c\000t\000i\000o\000n}{section.2.2}% 16
\BOOKMARK [2][-]{subsection.2.2.4}{\376\377\000P\000o\000l\000y\000n\000o\000m\000i\000a\000l\000\040\000C\000a\000l\000i\000b\000r\000a\000t\000i\000o\000n\000\040\000M\000o\000d\000e\000l}{section.2.2}% 17
\BOOKMARK [2][-]{subsection.2.2.5}{\376\377\000C\000a\000l\000i\000b\000r\000a\000t\000i\000o\000n\000\040\000R\000e\000s\000u\000l\000t\000s}{section.2.2}% 18
\BOOKMARK [2][-]{subsection.2.2.6}{\376\377\000E\000r\000r\000o\000r\000\040\000S\000u\000r\000f\000a\000c\000e\000\040\000A\000n\000a\000l\000y\000s\000i\000s}{section.2.2}% 19
\BOOKMARK [2][-]{subsection.2.2.7}{\376\377\000Q\000u\000a\000n\000t\000i\000t\000a\000t\000i\000v\000e\000\040\000E\000v\000a\000l\000u\000a\000t\000i\000o\000n}{section.2.2}% 20
