This is pdfTeX, Version 3.141592653-2.6-1.40.25 (TeX Live 2023/Debian) (preloaded format=pdflatex 2026.1.3)  24 JAN 2026 23:01
entering extended mode
 restricted \write18 enabled.
 file:line:error style messages enabled.
 %&-line parsing enabled.
**/home/mariamelsebaey/full_system/Thesis/main.tex
(/home/mariamelsebaey/full_system/Thesis/main.tex
LaTeX2e <2023-11-01> patch level 1
L3 programming layer <2024-01-22>
(/usr/share/texlive/texmf-dist/tex/latex/base/report.cls
Document Class: report 2023/05/17 v1.4n Standard LaTeX document class
(/usr/share/texlive/texmf-dist/tex/latex/base/size11.clo
File: size11.clo 2023/05/17 v1.4n Standard LaTeX file (size option)
)
\c@part=\count187
\c@chapter=\count188
\c@section=\count189
\c@subsection=\count190
\c@subsubsection=\count191
\c@paragraph=\count192
\c@subparagraph=\count193
\c@figure=\count194
\c@table=\count195
\abovecaptionskip=\skip48
\belowcaptionskip=\skip49
\bibindent=\dimen140
) (/usr/share/texlive/texmf-dist/tex/latex/graphics/graphicx.sty
Package: graphicx 2021/09/16 v1.2d Enhanced LaTeX Graphics (DPC,SPQR)
 (/usr/share/texlive/texmf-dist/tex/latex/graphics/keyval.sty
Package: keyval 2022/05/29 v1.15 key=value parser (DPC)
\KV@toks@=\toks17
) (/usr/share/texlive/texmf-dist/tex/latex/graphics/graphics.sty
Package: graphics 2022/03/10 v1.4e Standard LaTeX Graphics (DPC,SPQR)
 (/usr/share/texlive/texmf-dist/tex/latex/graphics/trig.sty
Package: trig 2021/08/11 v1.11 sin cos tan (DPC)
) (/usr/share/texlive/texmf-dist/tex/latex/graphics-cfg/graphics.cfg
File: graphics.cfg 2016/06/04 v1.11 sample graphics configuration
)
Package graphics Info: Driver file: pdftex.def on input line 107.
 (/usr/share/texlive/texmf-dist/tex/latex/graphics-def/pdftex.def
File: pdftex.def 2022/09/22 v1.2b Graphics/color driver for pdftex
))
\Gin@req@height=\dimen141
\Gin@req@width=\dimen142
) (/usr/share/texlive/texmf-dist/tex/latex/fancyhdr/fancyhdr.sty
Package: fancyhdr 2022/11/09 v4.1 Extensive control of page headers and footers
\f@nch@headwidth=\skip50
\f@nch@O@elh=\skip51
\f@nch@O@erh=\skip52
\f@nch@O@olh=\skip53
\f@nch@O@orh=\skip54
\f@nch@O@elf=\skip55
\f@nch@O@erf=\skip56
\f@nch@O@olf=\skip57
\f@nch@O@orf=\skip58
) (/usr/share/texlive/texmf-dist/tex/latex/geometry/geometry.sty
Package: geometry 2020/01/02 v5.9 Page Geometry
 (/usr/share/texlive/texmf-dist/tex/generic/iftex/ifvtex.sty
Package: ifvtex 2019/10/25 v1.7 ifvtex legacy package. Use iftex instead.
 (/usr/share/texlive/texmf-dist/tex/generic/iftex/iftex.sty
Package: iftex 2022/02/03 v1.0f TeX engine tests
))
\Gm@cnth=\count196
\Gm@cntv=\count197
\c@Gm@tempcnt=\count198
\Gm@bindingoffset=\dimen143
\Gm@wd@mp=\dimen144
\Gm@odd@mp=\dimen145
\Gm@even@mp=\dimen146
\Gm@layoutwidth=\dimen147
\Gm@layoutheight=\dimen148
\Gm@layouthoffset=\dimen149
\Gm@layoutvoffset=\dimen150
\Gm@dimlist=\toks18
) (/usr/share/texlive/texmf-dist/tex/latex/xcolor/xcolor.sty
Package: xcolor 2023/11/15 v3.01 LaTeX color extensions (UK)
 (/usr/share/texlive/texmf-dist/tex/latex/graphics-cfg/color.cfg
File: color.cfg 2016/01/02 v1.6 sample color configuration
)
Package xcolor Info: Driver file: pdftex.def on input line 274.
 (/usr/share/texlive/texmf-dist/tex/latex/graphics/mathcolor.ltx)
Package xcolor Info: Model `cmy' substituted by `cmy0' on input line 1350.
Package xcolor Info: Model `hsb' substituted by `rgb' on input line 1354.
Package xcolor Info: Model `RGB' extended on input line 1366.
Package xcolor Info: Model `HTML' substituted by `rgb' on input line 1368.
Package xcolor Info: Model `Hsb' substituted by `hsb' on input line 1369.
Package xcolor Info: Model `tHsb' substituted by `hsb' on input line 1370.
Package xcolor Info: Model `HSB' substituted by `hsb' on input line 1371.
Package xcolor Info: Model `Gray' substituted by `gray' on input line 1372.
Package xcolor Info: Model `wave' substituted by `hsb' on input line 1373.
) (/usr/share/texlive/texmf-dist/tex/latex/titlesec/titlesec.sty
Package: titlesec 2023/10/27 v2.16 Sectioning titles
\ttl@box=\box51
\beforetitleunit=\skip59
\aftertitleunit=\skip60
\ttl@plus=\dimen151
\ttl@minus=\dimen152
\ttl@toksa=\toks19
\titlewidth=\dimen153
\titlewidthlast=\dimen154
\titlewidthfirst=\dimen155
) (/usr/share/texlive/texmf-dist/tex/latex/base/inputenc.sty
Package: inputenc 2021/02/14 v1.3d Input encoding file
\inpenc@prehook=\toks20
\inpenc@posthook=\toks21
) (/usr/share/texlive/texmf-dist/tex/latex/fancyvrb/fancyvrb.sty
Package: fancyvrb 2024/01/20 4.5c verbatim text (tvz,hv)
\FV@CodeLineNo=\count199
\FV@InFile=\read2
\FV@TabBox=\box52
\c@FancyVerbLine=\count266
\FV@StepNumber=\count267
\FV@OutFile=\write3
) (/usr/share/texlive/texmf-dist/tex/latex/amsmath/amsmath.sty
Package: amsmath 2023/05/13 v2.17o AMS math features
\@mathmargin=\skip61

For additional information on amsmath, use the `?' option.
(/usr/share/texlive/texmf-dist/tex/latex/amsmath/amstext.sty
Package: amstext 2021/08/26 v2.01 AMS text
 (/usr/share/texlive/texmf-dist/tex/latex/amsmath/amsgen.sty
File: amsgen.sty 1999/11/30 v2.0 generic functions
\@emptytoks=\toks22
\ex@=\dimen156
)) (/usr/share/texlive/texmf-dist/tex/latex/amsmath/amsbsy.sty
Package: amsbsy 1999/11/29 v1.2d Bold Symbols
\pmbraise@=\dimen157
) (/usr/share/texlive/texmf-dist/tex/latex/amsmath/amsopn.sty
Package: amsopn 2022/04/08 v2.04 operator names
)
\inf@bad=\count268
LaTeX Info: Redefining \frac on input line 234.
\uproot@=\count269
\leftroot@=\count270
LaTeX Info: Redefining \overline on input line 399.
LaTeX Info: Redefining \colon on input line 410.
\classnum@=\count271
\DOTSCASE@=\count272
LaTeX Info: Redefining \ldots on input line 496.
LaTeX Info: Redefining \dots on input line 499.
LaTeX Info: Redefining \cdots on input line 620.
\Mathstrutbox@=\box53
\strutbox@=\box54
LaTeX Info: Redefining \big on input line 722.
LaTeX Info: Redefining \Big on input line 723.
LaTeX Info: Redefining \bigg on input line 724.
LaTeX Info: Redefining \Bigg on input line 725.
\big@size=\dimen158
LaTeX Font Info:    Redeclaring font encoding OML on input line 743.
LaTeX Font Info:    Redeclaring font encoding OMS on input line 744.
\macc@depth=\count273
LaTeX Info: Redefining \bmod on input line 905.
LaTeX Info: Redefining \pmod on input line 910.
LaTeX Info: Redefining \smash on input line 940.
LaTeX Info: Redefining \relbar on input line 970.
LaTeX Info: Redefining \Relbar on input line 971.
\c@MaxMatrixCols=\count274
\dotsspace@=\muskip16
\c@parentequation=\count275
\dspbrk@lvl=\count276
\tag@help=\toks23
\row@=\count277
\column@=\count278
\maxfields@=\count279
\andhelp@=\toks24
\eqnshift@=\dimen159
\alignsep@=\dimen160
\tagshift@=\dimen161
\tagwidth@=\dimen162
\totwidth@=\dimen163
\lineht@=\dimen164
\@envbody=\toks25
\multlinegap=\skip62
\multlinetaggap=\skip63
\mathdisplay@stack=\toks26
LaTeX Info: Redefining \[ on input line 2953.
LaTeX Info: Redefining \] on input line 2954.
) (/usr/share/texlive/texmf-dist/tex/latex/float/float.sty
Package: float 2001/11/08 v1.3d Float enhancements (AL)
\c@float@type=\count280
\float@exts=\toks27
\float@box=\box55
\@float@everytoks=\toks28
\@floatcapt=\box56
) (/usr/share/texlive/texmf-dist/tex/latex/caption/caption.sty
Package: caption 2023/08/05 v3.6o Customizing captions (AR)
 (/usr/share/texlive/texmf-dist/tex/latex/caption/caption3.sty
Package: caption3 2023/07/31 v2.4d caption3 kernel (AR)
\caption@tempdima=\dimen165
\captionmargin=\dimen166
\caption@leftmargin=\dimen167
\caption@rightmargin=\dimen168
\caption@width=\dimen169
\caption@indent=\dimen170
\caption@parindent=\dimen171
\caption@hangindent=\dimen172
Package caption Info: Standard document class detected.
)
\c@caption@flags=\count281
\c@continuedfloat=\count282
Package caption Info: float package is loaded.
) (/usr/share/texlive/texmf-dist/tex/latex/caption/subcaption.sty
Package: subcaption 2023/07/28 v1.6b Sub-captions (AR)
Package caption Info: New subtype `subfigure' on input line 238.
\c@subfigure=\count283
Package caption Info: New subtype `subtable' on input line 238.
\c@subtable=\count284
) (/usr/share/texlive/texmf-dist/tex/latex/hyperref/hyperref.sty
Package: hyperref 2024-01-20 v7.01h Hypertext links for LaTeX
 (/usr/share/texlive/texmf-dist/tex/latex/kvsetkeys/kvsetkeys.sty
Package: kvsetkeys 2022-10-05 v1.19 Key value parser (HO)
) (/usr/share/texlive/texmf-dist/tex/generic/kvdefinekeys/kvdefinekeys.sty
Package: kvdefinekeys 2019-12-19 v1.6 Define keys (HO)
) (/usr/share/texlive/texmf-dist/tex/generic/pdfescape/pdfescape.sty
Package: pdfescape 2019/12/09 v1.15 Implements pdfTeX's escape features (HO)
 (/usr/share/texlive/texmf-dist/tex/generic/ltxcmds/ltxcmds.sty
Package: ltxcmds 2023-12-04 v1.26 LaTeX kernel commands for general use (HO)
) (/usr/share/texlive/texmf-dist/tex/generic/pdftexcmds/pdftexcmds.sty
Package: pdftexcmds 2020-06-27 v0.33 Utility functions of pdfTeX for LuaTeX (HO)
 (/usr/share/texlive/texmf-dist/tex/generic/infwarerr/infwarerr.sty
Package: infwarerr 2019/12/03 v1.5 Providing info/warning/error messages (HO)
)
Package pdftexcmds Info: \pdf@primitive is available.
Package pdftexcmds Info: \pdf@ifprimitive is available.
Package pdftexcmds Info: \pdfdraftmode found.
)) (/usr/share/texlive/texmf-dist/tex/latex/hycolor/hycolor.sty
Package: hycolor 2020-01-27 v1.10 Color options for hyperref/bookmark (HO)
) (/usr/share/texlive/texmf-dist/tex/latex/auxhook/auxhook.sty
Package: auxhook 2019-12-17 v1.6 Hooks for auxiliary files (HO)
) (/usr/share/texlive/texmf-dist/tex/latex/hyperref/nameref.sty
Package: nameref 2023-11-26 v2.56 Cross-referencing by name of section
 (/usr/share/texlive/texmf-dist/tex/latex/refcount/refcount.sty
Package: refcount 2019/12/15 v3.6 Data extraction from label references (HO)
) (/usr/share/texlive/texmf-dist/tex/generic/gettitlestring/gettitlestring.sty
Package: gettitlestring 2019/12/15 v1.6 Cleanup title references (HO)
 (/usr/share/texlive/texmf-dist/tex/latex/kvoptions/kvoptions.sty
Package: kvoptions 2022-06-15 v3.15 Key value format for package options (HO)
))
\c@section@level=\count285
) (/usr/share/texlive/texmf-dist/tex/latex/etoolbox/etoolbox.sty
Package: etoolbox 2020/10/05 v2.5k e-TeX tools for LaTeX (JAW)
\etb@tempcnta=\count286
)
\@linkdim=\dimen173
\Hy@linkcounter=\count287
\Hy@pagecounter=\count288
 (/usr/share/texlive/texmf-dist/tex/latex/hyperref/pd1enc.def
File: pd1enc.def 2024-01-20 v7.01h Hyperref: PDFDocEncoding definition (HO)
Now handling font encoding PD1 ...
... no UTF-8 mapping file for font encoding PD1
) (/usr/share/texlive/texmf-dist/tex/generic/intcalc/intcalc.sty
Package: intcalc 2019/12/15 v1.3 Expandable calculations with integers (HO)
)
\Hy@SavedSpaceFactor=\count289
 (/usr/share/texlive/texmf-dist/tex/latex/hyperref/puenc.def
File: puenc.def 2024-01-20 v7.01h Hyperref: PDF Unicode definition (HO)
Now handling font encoding PU ...
... no UTF-8 mapping file for font encoding PU
)
Package hyperref Info: Hyper figures OFF on input line 4179.
Package hyperref Info: Link nesting OFF on input line 4184.
Package hyperref Info: Hyper index ON on input line 4187.
Package hyperref Info: Plain pages OFF on input line 4194.
Package hyperref Info: Backreferencing OFF on input line 4199.
Package hyperref Info: Implicit mode ON; LaTeX internals redefined.
Package hyperref Info: Bookmarks ON on input line 4446.
\c@Hy@tempcnt=\count290
 (/usr/share/texlive/texmf-dist/tex/latex/url/url.sty
\Urlmuskip=\muskip17
Package: url 2013/09/16  ver 3.4  Verb mode for urls, etc.
)
LaTeX Info: Redefining \url on input line 4784.
\XeTeXLinkMargin=\dimen174
 (/usr/share/texlive/texmf-dist/tex/generic/bitset/bitset.sty
Package: bitset 2019/12/09 v1.3 Handle bit-vector datatype (HO)
 (/usr/share/texlive/texmf-dist/tex/generic/bigintcalc/bigintcalc.sty
Package: bigintcalc 2019/12/15 v1.5 Expandable calculations on big integers (HO)
))
\Fld@menulength=\count291
\Field@Width=\dimen175
\Fld@charsize=\dimen176
Package hyperref Info: Hyper figures OFF on input line 6063.
Package hyperref Info: Link nesting OFF on input line 6068.
Package hyperref Info: Hyper index ON on input line 6071.
Package hyperref Info: backreferencing OFF on input line 6078.
Package hyperref Info: Link coloring OFF on input line 6083.
Package hyperref Info: Link coloring with OCG OFF on input line 6088.
Package hyperref Info: PDF/A mode OFF on input line 6093.
 (/usr/share/texlive/texmf-dist/tex/latex/base/atbegshi-ltx.sty
Package: atbegshi-ltx 2021/01/10 v1.0c Emulation of the original atbegshi
package with kernel methods
)
\Hy@abspage=\count292
\c@Item=\count293
\c@Hfootnote=\count294
)
Package hyperref Info: Driver (autodetected): hpdftex.
 (/usr/share/texlive/texmf-dist/tex/latex/hyperref/hpdftex.def
File: hpdftex.def 2024-01-20 v7.01h Hyperref driver for pdfTeX
 (/usr/share/texlive/texmf-dist/tex/latex/base/atveryend-ltx.sty
Package: atveryend-ltx 2020/08/19 v1.0a Emulation of the original atveryend package
with kernel methods
)
\Fld@listcount=\count295
\c@bookmark@seq@number=\count296
 (/usr/share/texlive/texmf-dist/tex/latex/rerunfilecheck/rerunfilecheck.sty
Package: rerunfilecheck 2022-07-10 v1.10 Rerun checks for auxiliary files (HO)
 (/usr/share/texlive/texmf-dist/tex/generic/uniquecounter/uniquecounter.sty
Package: uniquecounter 2019/12/15 v1.4 Provide unlimited unique counter (HO)
)
Package uniquecounter Info: New unique counter `rerunfilecheck' on input line 285.
)
\Hy@SectionHShift=\skip64
) (/usr/share/texlive/texmf-dist/tex/latex/booktabs/booktabs.sty
Package: booktabs 2020/01/12 v1.61803398 Publication quality tables
\heavyrulewidth=\dimen177
\lightrulewidth=\dimen178
\cmidrulewidth=\dimen179
\belowrulesep=\dimen180
\belowbottomsep=\dimen181
\aboverulesep=\dimen182
\abovetopsep=\dimen183
\cmidrulesep=\dimen184
\cmidrulekern=\dimen185
\defaultaddspace=\dimen186
\@cmidla=\count297
\@cmidlb=\count298
\@aboverulesep=\dimen187
\@belowrulesep=\dimen188
\@thisruleclass=\count299
\@lastruleclass=\count300
\@thisrulewidth=\dimen189
) (/usr/share/texlive/texmf-dist/tex/latex/tools/tabularx.sty
Package: tabularx 2023/07/08 v2.11c `tabularx' package (DPC)
 (/usr/share/texlive/texmf-dist/tex/latex/tools/array.sty
Package: array 2023/10/16 v2.5g Tabular extension package (FMi)
\col@sep=\dimen190
\ar@mcellbox=\box57
\extrarowheight=\dimen191
\NC@list=\toks29
\extratabsurround=\skip65
\backup@length=\skip66
\ar@cellbox=\box58
)
\TX@col@width=\dimen192
\TX@old@table=\dimen193
\TX@old@col=\dimen194
\TX@target=\dimen195
\TX@delta=\dimen196
\TX@cols=\count301
\TX@ftn=\toks30
) (/usr/share/texlive/texmf-dist/tex/generic/babel/babel.sty
Package: babel 2024/01/07 v24.1 The Babel package
\babel@savecnt=\count302
\U@D=\dimen197
\l@unhyphenated=\language89
 (/usr/share/texlive/texmf-dist/tex/generic/babel/txtbabel.def)
\bbl@readstream=\read3
\bbl@dirlevel=\count303
 (/usr/share/texlive/texmf-dist/tex/generic/babel-english/english.ldf
Language: english 2017/06/06 v3.3r English support from the babel system
Package babel Info: Hyphen rules for 'canadian' set to \l@english
(babel)             (\language0). Reported on input line 102.
Package babel Info: Hyphen rules for 'australian' set to \l@ukenglish
(babel)             (\language78). Reported on input line 105.
Package babel Info: Hyphen rules for 'newzealand' set to \l@ukenglish
(babel)             (\language78). Reported on input line 108.
)) (/usr/share/texlive/texmf-dist/tex/generic/babel/locale/en/babel-english.tex
Package babel Info: Importing font and identification data for english
(babel)             from babel-en.ini. Reported on input line 11.
) (/usr/share/texlive/texmf-dist/tex/latex/amsfonts/amssymb.sty
Package: amssymb 2013/01/14 v3.01 AMS font symbols
 (/usr/share/texlive/texmf-dist/tex/latex/amsfonts/amsfonts.sty
Package: amsfonts 2013/01/14 v3.01 Basic AMSFonts support
\symAMSa=\mathgroup4
\symAMSb=\mathgroup5
LaTeX Font Info:    Redeclaring math symbol \hbar on input line 98.
LaTeX Font Info:    Overwriting math alphabet `\mathfrak' in version `bold'
(Font)                  U/euf/m/n --> U/euf/b/n on input line 106.
)) (/usr/share/texlive/texmf-dist/tex/latex/cite/cite.sty
LaTeX Info: Redefining \cite on input line 302.
LaTeX Info: Redefining \nocite on input line 332.
Package: cite 2015/02/27  v 5.5
) (/usr/share/texlive/texmf-dist/tex/latex/l3backend/l3backend-pdftex.def
File: l3backend-pdftex.def 2024-01-04 L3 backend support: PDF output (pdfTeX)
\l__color_backend_stack_int=\count304
\l__pdf_internal_box=\box59
) (./main.aux (./chapters/chapter3/ch3_ar4_calibration.aux) (./chapters/chapter3/ch3_supervisor.aux) (./chapters/chapter3/ch3_visual_servo.aux))
\openout1 = `main.aux'.

LaTeX Font Info:    Checking defaults for OML/cmm/m/it on input line 66.
LaTeX Font Info:    ... okay on input line 66.
LaTeX Font Info:    Checking defaults for OMS/cmsy/m/n on input line 66.
LaTeX Font Info:    ... okay on input line 66.
LaTeX Font Info:    Checking defaults for OT1/cmr/m/n on input line 66.
LaTeX Font Info:    ... okay on input line 66.
LaTeX Font Info:    Checking defaults for T1/cmr/m/n on input line 66.
LaTeX Font Info:    ... okay on input line 66.
LaTeX Font Info:    Checking defaults for TS1/cmr/m/n on input line 66.
LaTeX Font Info:    ... okay on input line 66.
LaTeX Font Info:    Checking defaults for OMX/cmex/m/n on input line 66.
LaTeX Font Info:    ... okay on input line 66.
LaTeX Font Info:    Checking defaults for U/cmr/m/n on input line 66.
LaTeX Font Info:    ... okay on input line 66.
LaTeX Font Info:    Checking defaults for PD1/pdf/m/n on input line 66.
LaTeX Font Info:    ... okay on input line 66.
LaTeX Font Info:    Checking defaults for PU/pdf/m/n on input line 66.
LaTeX Font Info:    ... okay on input line 66.
 (/usr/share/texlive/texmf-dist/tex/context/base/mkii/supp-pdf.mkii
[Loading MPS to PDF converter (version 2006.09.02).]
\scratchcounter=\count305
\scratchdimen=\dimen198
\scratchbox=\box60
\nofMPsegments=\count306
\nofMParguments=\count307
\everyMPshowfont=\toks31
\MPscratchCnt=\count308
\MPscratchDim=\dimen199
\MPnumerator=\count309
\makeMPintoPDFobject=\count310
\everyMPtoPDFconversion=\toks32
) (/usr/share/texlive/texmf-dist/tex/latex/epstopdf-pkg/epstopdf-base.sty
Package: epstopdf-base 2020-01-24 v2.11 Base part for package epstopdf
Package epstopdf-base Info: Redefining graphics rule for `.eps' on input line 485.
 (/usr/share/texlive/texmf-dist/tex/latex/latexconfig/epstopdf-sys.cfg
File: epstopdf-sys.cfg 2010/07/13 v1.3 Configuration of (r)epstopdf for TeX Live
))
*geometry* driver: auto-detecting
*geometry* detected driver: pdftex
*geometry* verbose mode - [ preamble ] result:
* driver: pdftex
* paper: a4paper
* layout: <same size as paper>
* layoutoffset:(h,v)=(0.0pt,0.0pt)
* modes: twoside 
* h-part:(L,W,R)=(56.9055pt, 483.69687pt, 56.9055pt)
* v-part:(T,H,B)=(113.81102pt, 660.10394pt, 71.13188pt)
* \paperwidth=597.50787pt
* \paperheight=845.04684pt
* \textwidth=483.69687pt
* \textheight=660.10394pt
* \oddsidemargin=-15.36449pt
* \evensidemargin=-15.36449pt
* \topmargin=-72.26997pt
* \headheight=105.2751pt
* \headsep=8.5359pt
* \topskip=11.0pt
* \footskip=34.14322pt
* \marginparwidth=103.0pt
* \marginparsep=10.0pt
* \columnsep=10.0pt
* \skip\footins=10.0pt plus 4.0pt minus 2.0pt
* \hoffset=0.0pt
* \voffset=0.0pt
* \mag=1000
* \@twocolumnfalse
* \@twosidetrue
* \@mparswitchtrue
* \@reversemarginfalse
* (1in=72.27pt=25.4mm, 1cm=28.453pt)

Package caption Info: Begin \AtBeginDocument code.
Package caption Info: hyperref package is loaded.
Package caption Info: End \AtBeginDocument code.
Package hyperref Info: Link coloring OFF on input line 66.
(./main.out) (./main.out)
\@outlinefile=\write4
\openout4 = `main.out'.

LaTeX Font Info:    Trying to load font information for U+msa on input line 96.
 (/usr/share/texlive/texmf-dist/tex/latex/amsfonts/umsa.fd
File: umsa.fd 2013/01/14 v3.01 AMS symbols A
)
LaTeX Font Info:    Trying to load font information for U+msb on input line 96.
 (/usr/share/texlive/texmf-dist/tex/latex/amsfonts/umsb.fd
File: umsb.fd 2013/01/14 v3.01 AMS symbols B
) [1

{/var/lib/texmf/fonts/map/pdftex/updmap/pdftex.map}] [2

] [3

] [4

] (./main.toc [5


]
<Figures/Logos/1.jpeg, id=330, 219.82124pt x 219.82124pt>
File: Figures/Logos/1.jpeg Graphic file (type jpg)
<use Figures/Logos/1.jpeg>
Package pdftex.def Info: Figures/Logos/1.jpeg  used on input line 159.
(pdftex.def)             Requested size: 65.44038pt x 65.44142pt.
 [6 <./Figures/Logos/1.jpeg>])
\tf@toc=\write5
\openout5 = `main.toc'.

File: Figures/Logos/1.jpeg Graphic file (type jpg)
<use Figures/Logos/1.jpeg>
Package pdftex.def Info: Figures/Logos/1.jpeg  used on input line 195.
(pdftex.def)             Requested size: 65.44038pt x 65.44142pt.
 [7] (./chapters/ch1_intro.tex
Chapter 1.
File: Figures/Logos/1.jpeg Graphic file (type jpg)
<use Figures/Logos/1.jpeg>
Package pdftex.def Info: Figures/Logos/1.jpeg  used on input line 27.
(pdftex.def)             Requested size: 65.44038pt x 65.44142pt.
[8


{/usr/share/texmf/fonts/enc/dvips/cm-super/cm-super-ts1.enc}]
File: Figures/Logos/1.jpeg Graphic file (type jpg)
<use Figures/Logos/1.jpeg>
Package pdftex.def Info: Figures/Logos/1.jpeg  used on input line 55.
(pdftex.def)             Requested size: 65.44038pt x 65.44142pt.
 [9]
File: Figures/Logos/1.jpeg Graphic file (type jpg)
<use Figures/Logos/1.jpeg>
Package pdftex.def Info: Figures/Logos/1.jpeg  used on input line 79.
(pdftex.def)             Requested size: 65.44038pt x 65.44142pt.
 [10]) (./chapters/chapter3/ch3_all.tex
Chapter 2.
(./chapters/chapter3/ch3_system_ovreview.tex

LaTeX Warning: Reference `fig:system_architecture' on page 11 undefined on input line 4.

File: Figures/Logos/1.jpeg Graphic file (type jpg)
<use Figures/Logos/1.jpeg>
Package pdftex.def Info: Figures/Logos/1.jpeg  used on input line 31.
(pdftex.def)             Requested size: 65.44038pt x 65.44142pt.
[11


]
Overfull \hbox (4.69453pt too wide) in paragraph at lines 33--34
[]\OT1/cmr/bx/n/10.95 Spatial Place-ment\OT1/cmr/m/n/10.95 : Drag-and-drop place-ment on a 2D grid rep-re-sent-ing the as-sem-bly workspace 
 []

File: Figures/Logos/1.jpeg Graphic file (type jpg)
<use Figures/Logos/1.jpeg>
Package pdftex.def Info: Figures/Logos/1.jpeg  used on input line 68.
(pdftex.def)             Requested size: 65.44038pt x 65.44142pt.
[12]
File: Figures/Logos/1.jpeg Graphic file (type jpg)
<use Figures/Logos/1.jpeg>
Package pdftex.def Info: Figures/Logos/1.jpeg  used on input line 105.
(pdftex.def)             Requested size: 65.44038pt x 65.44142pt.
 [13]
File: Figures/Logos/1.jpeg Graphic file (type jpg)
<use Figures/Logos/1.jpeg>
Package pdftex.def Info: Figures/Logos/1.jpeg  used on input line 137.
(pdftex.def)             Requested size: 65.44038pt x 65.44142pt.
 [14]
Overfull \hbox (36.25232pt too wide) in paragraph at lines 140--141
[]\OT1/cmr/m/n/10.95 Execution States: EX-E-CUTE[]AR4[]DIRECT, AR4[]PICK[]FOR[]HANDOVER, EX-E-CUTE[]ABB[]PICK,
 []

File: Figures/Logos/1.jpeg Graphic file (type jpg)
<use Figures/Logos/1.jpeg>
Package pdftex.def Info: Figures/Logos/1.jpeg  used on input line 171.
(pdftex.def)             Requested size: 65.44038pt x 65.44142pt.
[15]
File: Figures/Logos/1.jpeg Graphic file (type jpg)
<use Figures/Logos/1.jpeg>
Package pdftex.def Info: Figures/Logos/1.jpeg  used on input line 213.
(pdftex.def)             Requested size: 65.44038pt x 65.44142pt.
 [16]
File: Figures/Logos/1.jpeg Graphic file (type jpg)
<use Figures/Logos/1.jpeg>
Package pdftex.def Info: Figures/Logos/1.jpeg  used on input line 250.
(pdftex.def)             Requested size: 65.44038pt x 65.44142pt.
 [17]
File: Figures/Logos/1.jpeg Graphic file (type jpg)
<use Figures/Logos/1.jpeg>
Package pdftex.def Info: Figures/Logos/1.jpeg  used on input line 293.
(pdftex.def)             Requested size: 65.44038pt x 65.44142pt.
 [18]
File: Figures/Logos/1.jpeg Graphic file (type jpg)
<use Figures/Logos/1.jpeg>
Package pdftex.def Info: Figures/Logos/1.jpeg  used on input line 335.
(pdftex.def)             Requested size: 65.44038pt x 65.44142pt.
 [19]
File: Figures/Logos/1.jpeg Graphic file (type jpg)
<use Figures/Logos/1.jpeg>
Package pdftex.def Info: Figures/Logos/1.jpeg  used on input line 388.
(pdftex.def)             Requested size: 65.44038pt x 65.44142pt.
 [20]
File: Figures/Logos/1.jpeg Graphic file (type jpg)
<use Figures/Logos/1.jpeg>
Package pdftex.def Info: Figures/Logos/1.jpeg  used on input line 437.
(pdftex.def)             Requested size: 65.44038pt x 65.44142pt.
 [21]
File: Figures/Logos/1.jpeg Graphic file (type jpg)
<use Figures/Logos/1.jpeg>
Package pdftex.def Info: Figures/Logos/1.jpeg  used on input line 474.
(pdftex.def)             Requested size: 65.44038pt x 65.44142pt.
 [22]
File: Figures/Logos/1.jpeg Graphic file (type jpg)
<use Figures/Logos/1.jpeg>
Package pdftex.def Info: Figures/Logos/1.jpeg  used on input line 513.
(pdftex.def)             Requested size: 65.44038pt x 65.44142pt.
 [23]
File: Figures/Logos/1.jpeg Graphic file (type jpg)
<use Figures/Logos/1.jpeg>
Package pdftex.def Info: Figures/Logos/1.jpeg  used on input line 553.
(pdftex.def)             Requested size: 65.44038pt x 65.44142pt.
 [24]) (./chapters/chapter3/ch3_hardware_modifications.tex
File: Figures/Logos/1.jpeg Graphic file (type jpg)
<use Figures/Logos/1.jpeg>
Package pdftex.def Info: Figures/Logos/1.jpeg  used on input line 43.
(pdftex.def)             Requested size: 65.44038pt x 65.44142pt.
 [25]
File: Figures/Logos/1.jpeg Graphic file (type jpg)
<use Figures/Logos/1.jpeg>
Package pdftex.def Info: Figures/Logos/1.jpeg  used on input line 98.
(pdftex.def)             Requested size: 65.44038pt x 65.44142pt.
 [26])
File: Figures/Logos/1.jpeg Graphic file (type jpg)
<use Figures/Logos/1.jpeg>
Package pdftex.def Info: Figures/Logos/1.jpeg  used on input line 6.
(pdftex.def)             Requested size: 65.44038pt x 65.44142pt.
 [27]
\openout2 = `chapters/chapter3/ch3_ar4_calibration.aux'.

 (./chapters/chapter3/ch3_ar4_calibration.tex
File: Figures/Logos/1.jpeg Graphic file (type jpg)
<use Figures/Logos/1.jpeg>
Package pdftex.def Info: Figures/Logos/1.jpeg  used on input line 75.
(pdftex.def)             Requested size: 65.44038pt x 65.44142pt.
 [28

]
Underfull \hbox (badness 10000) in paragraph at lines 98--99

 []


Underfull \hbox (badness 10000) in paragraph at lines 100--101

 []

File: Figures/Logos/1.jpeg Graphic file (type jpg)
<use Figures/Logos/1.jpeg>
Package pdftex.def Info: Figures/Logos/1.jpeg  used on input line 102.
(pdftex.def)             Requested size: 65.44038pt x 65.44142pt.
[29]
<Figures/chapter3/Calibration/Poly_corrections.png, id=516, 578.16pt x 433.62pt>
File: Figures/chapter3/Calibration/Poly_corrections.png Graphic file (type png)
<use Figures/chapter3/Calibration/Poly_corrections.png>
Package pdftex.def Info: Figures/chapter3/Calibration/Poly_corrections.png  used on input line 106.
(pdftex.def)             Requested size: 386.95897pt x 290.21953pt.
<Figures/chapter3/Calibration/Poly_3D.png, id=519, 920.7198pt x 342.5598pt>
File: Figures/chapter3/Calibration/Poly_3D.png Graphic file (type png)
<use Figures/chapter3/Calibration/Poly_3D.png>
Package pdftex.def Info: Figures/chapter3/Calibration/Poly_3D.png  used on input line 117.
(pdftex.def)             Requested size: 483.69687pt x 179.9668pt.
File: Figures/Logos/1.jpeg Graphic file (type jpg)
<use Figures/Logos/1.jpeg>
Package pdftex.def Info: Figures/Logos/1.jpeg  used on input line 121.
(pdftex.def)             Requested size: 65.44038pt x 65.44142pt.
 [30 <./Figures/chapter3/Calibration/Poly_corrections.png>]
<Figures/chapter3/Calibration/Poly_X.png, id=528, 650.43pt x 505.89pt>
File: Figures/chapter3/Calibration/Poly_X.png Graphic file (type png)
<use Figures/chapter3/Calibration/Poly_X.png>
Package pdftex.def Info: Figures/chapter3/Calibration/Poly_X.png  used on input line 126.
(pdftex.def)             Requested size: 227.3381pt x 176.81712pt.
<Figures/chapter3/Calibration/Poly_Y.png, id=529, 650.43pt x 505.89pt>
File: Figures/chapter3/Calibration/Poly_Y.png Graphic file (type png)
<use Figures/chapter3/Calibration/Poly_Y.png>
Package pdftex.def Info: Figures/chapter3/Calibration/Poly_Y.png  used on input line 127.
(pdftex.def)             Requested size: 227.3381pt x 176.81712pt.
<Figures/chapter3/Calibration/Poly_Z.png, id=530, 650.43pt x 505.89pt>
File: Figures/chapter3/Calibration/Poly_Z.png Graphic file (type png)
<use Figures/chapter3/Calibration/Poly_Z.png>
Package pdftex.def Info: Figures/chapter3/Calibration/Poly_Z.png  used on input line 128.
(pdftex.def)             Requested size: 227.3381pt x 176.81712pt.
File: Figures/Logos/1.jpeg Graphic file (type jpg)
<use Figures/Logos/1.jpeg>
Package pdftex.def Info: Figures/Logos/1.jpeg  used on input line 168.
(pdftex.def)             Requested size: 65.44038pt x 65.44142pt.
 [31 <./Figures/chapter3/Calibration/Poly_3D.png> <./Figures/chapter3/Calibration/Poly_X.png> <./Figures/chapter3/Calibration/Poly_Y.png> <./Figures/chapter3/Calibration/Poly_Z.png>])
File: Figures/Logos/1.jpeg Graphic file (type jpg)
<use Figures/Logos/1.jpeg>
Package pdftex.def Info: Figures/Logos/1.jpeg  used on input line 6.
(pdftex.def)             Requested size: 65.44038pt x 65.44142pt.
 [32]
\openout2 = `chapters/chapter3/ch3_supervisor.aux'.

 (./chapters/chapter3/ch3_supervisor.tex
File: Figures/Logos/1.jpeg Graphic file (type jpg)
<use Figures/Logos/1.jpeg>
Package pdftex.def Info: Figures/Logos/1.jpeg  used on input line 40.
(pdftex.def)             Requested size: 65.44038pt x 65.44142pt.
 [33



]
File: Figures/Logos/1.jpeg Graphic file (type jpg)
<use Figures/Logos/1.jpeg>
Package pdftex.def Info: Figures/Logos/1.jpeg  used on input line 82.
(pdftex.def)             Requested size: 65.44038pt x 65.44142pt.
 [34]
Overfull \hbox (51.01306pt too wide) in paragraph at lines 83--84
[]\OT1/cmr/bx/n/10.95 Goal Fields: \OT1/cmr/m/n/10.95 Tar-get pose, strat-egy (AP-PROACH[]OFFSET, GRASP, PLACE, GOTO[]HANDOVER,
 []


Overfull \hbox (61.1614pt too wide) in paragraph at lines 84--85
[]\OT1/cmr/bx/n/10.95 Used in States: \OT1/cmr/m/n/10.95 EX-E-CUTE[]AR4[]DIRECT, AR4[]PICK[]FOR[]HANDOVER, AR4[]PLACE[]ON[]GRID,
 []


Overfull \hbox (41.19896pt too wide) in paragraph at lines 102--103
[]\OT1/cmr/bx/n/10.95 Used in States: \OT1/cmr/m/n/10.95 EX-E-CUTE[]ABB[]PICK, EX-E-CUTE[]ABB[]PLACE, HAN-DOVER[]EXECUTION. 
 []

File: Figures/Logos/1.jpeg Graphic file (type jpg)
<use Figures/Logos/1.jpeg>
Package pdftex.def Info: Figures/Logos/1.jpeg  used on input line 128.
(pdftex.def)             Requested size: 65.44038pt x 65.44142pt.
[35]
File: Figures/Logos/1.jpeg Graphic file (type jpg)
<use Figures/Logos/1.jpeg>
Package pdftex.def Info: Figures/Logos/1.jpeg  used on input line 179.
(pdftex.def)             Requested size: 65.44038pt x 65.44142pt.
 [36]
File: Figures/Logos/1.jpeg Graphic file (type jpg)
<use Figures/Logos/1.jpeg>
Package pdftex.def Info: Figures/Logos/1.jpeg  used on input line 231.
(pdftex.def)             Requested size: 65.44038pt x 65.44142pt.
 [37]
Overfull \hbox (106.45552pt too wide) in paragraph at lines 262--263
[]\OT1/cmr/m/n/10.95 Similarly, trans-form han-dover pose: \OT1/cmtt/m/n/10.95 self.handover[]pose = self.transform[]pose[]to[]abb(result.handover[]pose)\OT1/cmr/m/n/10.95 . 
 []

File: Figures/Logos/1.jpeg Graphic file (type jpg)
<use Figures/Logos/1.jpeg>
Package pdftex.def Info: Figures/Logos/1.jpeg  used on input line 279.
(pdftex.def)             Requested size: 65.44038pt x 65.44142pt.
[38]
Overfull \hbox (9.30519pt too wide) in paragraph at lines 315--316
[]\OT1/cmr/m/n/10.95 Check ser-vice avail-abil-ity: \OT1/cmtt/m/n/10.95 self.grasp[]pipeline[]client.wait[]for[]service(timeout[]sec=2.0)\OT1/cmr/m/n/10.95 . 
 []

File: Figures/Logos/1.jpeg Graphic file (type jpg)
<use Figures/Logos/1.jpeg>
Package pdftex.def Info: Figures/Logos/1.jpeg  used on input line 327.
(pdftex.def)             Requested size: 65.44038pt x 65.44142pt.
[39]
File: Figures/Logos/1.jpeg Graphic file (type jpg)
<use Figures/Logos/1.jpeg>
Package pdftex.def Info: Figures/Logos/1.jpeg  used on input line 377.
(pdftex.def)             Requested size: 65.44038pt x 65.44142pt.
 [40]
File: Figures/Logos/1.jpeg Graphic file (type jpg)
<use Figures/Logos/1.jpeg>
Package pdftex.def Info: Figures/Logos/1.jpeg  used on input line 431.
(pdftex.def)             Requested size: 65.44038pt x 65.44142pt.
 [41]
File: Figures/Logos/1.jpeg Graphic file (type jpg)
<use Figures/Logos/1.jpeg>
Package pdftex.def Info: Figures/Logos/1.jpeg  used on input line 481.
(pdftex.def)             Requested size: 65.44038pt x 65.44142pt.
 [42]
File: Figures/Logos/1.jpeg Graphic file (type jpg)
<use Figures/Logos/1.jpeg>
Package pdftex.def Info: Figures/Logos/1.jpeg  used on input line 535.
(pdftex.def)             Requested size: 65.44038pt x 65.44142pt.
 [43]
File: Figures/Logos/1.jpeg Graphic file (type jpg)
<use Figures/Logos/1.jpeg>
Package pdftex.def Info: Figures/Logos/1.jpeg  used on input line 582.
(pdftex.def)             Requested size: 65.44038pt x 65.44142pt.
 [44]
File: Figures/Logos/1.jpeg Graphic file (type jpg)
<use Figures/Logos/1.jpeg>
Package pdftex.def Info: Figures/Logos/1.jpeg  used on input line 618.
(pdftex.def)             Requested size: 65.44038pt x 65.44142pt.
 [45]
File: Figures/Logos/1.jpeg Graphic file (type jpg)
<use Figures/Logos/1.jpeg>
Package pdftex.def Info: Figures/Logos/1.jpeg  used on input line 656.
(pdftex.def)             Requested size: 65.44038pt x 65.44142pt.
 [46]
File: Figures/Logos/1.jpeg Graphic file (type jpg)
<use Figures/Logos/1.jpeg>
Package pdftex.def Info: Figures/Logos/1.jpeg  used on input line 696.
(pdftex.def)             Requested size: 65.44038pt x 65.44142pt.
 [47]
File: Figures/Logos/1.jpeg Graphic file (type jpg)
<use Figures/Logos/1.jpeg>
Package pdftex.def Info: Figures/Logos/1.jpeg  used on input line 741.
(pdftex.def)             Requested size: 65.44038pt x 65.44142pt.
 [48])
File: Figures/Logos/1.jpeg Graphic file (type jpg)
<use Figures/Logos/1.jpeg>
Package pdftex.def Info: Figures/Logos/1.jpeg  used on input line 7.
(pdftex.def)             Requested size: 65.44038pt x 65.44142pt.
 [49]
\openout2 = `chapters/chapter3/ch3_visual_servo.aux'.

 (./chapters/chapter3/ch3_visual_servo.tex
<Figures/chapter3/VISP/pinhole_model.png, id=804, 335.00156pt x 173.14688pt>
File: Figures/chapter3/VISP/pinhole_model.png Graphic file (type png)
<use Figures/chapter3/VISP/pinhole_model.png>
Package pdftex.def Info: Figures/chapter3/VISP/pinhole_model.png  used on input line 16.
(pdftex.def)             Requested size: 290.22107pt x 149.99983pt.
File: Figures/Logos/1.jpeg Graphic file (type jpg)
<use Figures/Logos/1.jpeg>
Package pdftex.def Info: Figures/Logos/1.jpeg  used on input line 20.
(pdftex.def)             Requested size: 65.44038pt x 65.44142pt.
 [50



]
File: Figures/Logos/1.jpeg Graphic file (type jpg)
<use Figures/Logos/1.jpeg>
Package pdftex.def Info: Figures/Logos/1.jpeg  used on input line 42.
(pdftex.def)             Requested size: 65.44038pt x 65.44142pt.
 [51 <./Figures/chapter3/VISP/pinhole_model.png>]
<Figures/chapter3/VISP/pbvs_diagram.png, id=832, 482.55281pt x 179.16937pt>
File: Figures/chapter3/VISP/pbvs_diagram.png Graphic file (type png)
<use Figures/chapter3/VISP/pbvs_diagram.png>
Package pdftex.def Info: Figures/chapter3/VISP/pbvs_diagram.png  used on input line 82.
(pdftex.def)             Requested size: 232.17242pt x 86.20262pt.
<Figures/chapter3/VISP/ibvs_diagram.png, id=835, 456.95718pt x 171.64125pt>
File: Figures/chapter3/VISP/ibvs_diagram.png Graphic file (type png)
<use Figures/chapter3/VISP/ibvs_diagram.png>
Package pdftex.def Info: Figures/chapter3/VISP/ibvs_diagram.png  used on input line 88.
(pdftex.def)             Requested size: 232.17242pt x 87.20848pt.
File: Figures/Logos/1.jpeg Graphic file (type jpg)
<use Figures/Logos/1.jpeg>
Package pdftex.def Info: Figures/Logos/1.jpeg  used on input line 93.
(pdftex.def)             Requested size: 65.44038pt x 65.44142pt.
 [52]
<Figures/chapter3/VISP/homography_geometry.png, id=861, 552.0625pt x 489.83pt>
File: Figures/chapter3/VISP/homography_geometry.png Graphic file (type png)
<use Figures/chapter3/VISP/homography_geometry.png>
Package pdftex.def Info: Figures/chapter3/VISP/homography_geometry.png  used on input line 113.
(pdftex.def)             Requested size: 193.47578pt x 171.66728pt.
File: Figures/Logos/1.jpeg Graphic file (type jpg)
<use Figures/Logos/1.jpeg>
Package pdftex.def Info: Figures/Logos/1.jpeg  used on input line 117.
(pdftex.def)             Requested size: 65.44038pt x 65.44142pt.
 [53 <./Figures/chapter3/VISP/pbvs_diagram.png> <./Figures/chapter3/VISP/ibvs_diagram.png>]
<Figures/chapter3/VISP/VisualServoDiagram.png, id=876, 1057.9525pt x 1411.2725pt>
File: Figures/chapter3/VISP/VisualServoDiagram.png Graphic file (type png)
<use Figures/chapter3/VISP/VisualServoDiagram.png>
Package pdftex.def Info: Figures/chapter3/VISP/VisualServoDiagram.png  used on input line 134.
(pdftex.def)             Requested size: 290.22107pt x 387.14287pt.
File: Figures/Logos/1.jpeg Graphic file (type jpg)
<use Figures/Logos/1.jpeg>
Package pdftex.def Info: Figures/Logos/1.jpeg  used on input line 138.
(pdftex.def)             Requested size: 65.44038pt x 65.44142pt.
 [54 <./Figures/chapter3/VISP/homography_geometry.png>]
File: Figures/Logos/1.jpeg Graphic file (type jpg)
<use Figures/Logos/1.jpeg>
Package pdftex.def Info: Figures/Logos/1.jpeg  used on input line 148.
(pdftex.def)             Requested size: 65.44038pt x 65.44142pt.
 [55 <./Figures/chapter3/VISP/VisualServoDiagram.png>]
File: Figures/Logos/1.jpeg Graphic file (type jpg)
<use Figures/Logos/1.jpeg>
Package pdftex.def Info: Figures/Logos/1.jpeg  used on input line 173.
(pdftex.def)             Requested size: 65.44038pt x 65.44142pt.
 [56]
File: Figures/Logos/1.jpeg Graphic file (type jpg)
<use Figures/Logos/1.jpeg>
Package pdftex.def Info: Figures/Logos/1.jpeg  used on input line 177.
(pdftex.def)             Requested size: 65.44038pt x 65.44142pt.
 [57]) [58

])
No file main.bbl.
(./main.aux (./chapters/chapter3/ch3_ar4_calibration.aux) (./chapters/chapter3/ch3_supervisor.aux) (./chapters/chapter3/ch3_visual_servo.aux))
 ***********
LaTeX2e <2023-11-01> patch level 1
L3 programming layer <2024-01-22>
 ***********


LaTeX Warning: There were undefined references.

Package rerunfilecheck Info: File `main.out' has not changed.
(rerunfilecheck)             Checksum: 4190EFE3AF4A93F343BD5F3773E85AD3;13330.
 ) 
Here is how much of TeX's memory you used:
 14919 strings out of 474222
 239064 string characters out of 5748734
 1939975 words of memory out of 5000000
 36569 multiletter control sequences out of 15000+600000
 566649 words of font info for 67 fonts, out of 8000000 for 9000
 1141 hyphenation exceptions out of 8191
 75i,21n,79p,1217b,676s stack positions out of 10000i,1000n,20000p,200000b,200000s
</usr/share/texlive/texmf-dist/fonts/type1/public/amsfonts/cm/cmbx10.pfb></usr/share/texlive/texmf-dist/fonts/type1/public/amsfonts/cm/cmbx12.pfb></usr/share/texlive/texmf-dist/fonts/type1/public/amsfonts/cm/cmex10.pfb></usr/share/texlive/texmf-dist/fonts/type1/public/amsfonts/cm/cmmi10.pfb></usr/share/texlive/texmf-dist/fonts/type1/public/amsfonts/cm/cmmi8.pfb></usr/share/texlive/texmf-dist/fonts/type1/public/amsfonts/cm/cmr10.pfb></usr/share/texlive/texmf-dist/fonts/type1/public/amsfonts/cm/cmr6.pfb></usr/share/texlive/texmf-dist/fonts/type1/public/amsfonts/cm/cmr8.pfb></usr/share/texlive/texmf-dist/fonts/type1/public/amsfonts/cm/cmsy10.pfb></usr/share/texlive/texmf-dist/fonts/type1/public/amsfonts/cm/cmsy8.pfb></usr/share/texlive/texmf-dist/fonts/type1/public/amsfonts/cm/cmti10.pfb></usr/share/texlive/texmf-dist/fonts/type1/public/amsfonts/cm/cmti12.pfb></usr/share/texlive/texmf-dist/fonts/type1/public/amsfonts/cm/cmtt10.pfb></usr/share/texlive/texmf-dist/fonts/type1/public/amsfonts/symbols/msbm10.pfb></usr/share/texmf/fonts/type1/public/cm-super/sfrm1095.pfb>
Output written on main.pdf (58 pages, 1354498 bytes).
PDF statistics:
 1057 PDF objects out of 1200 (max. 8388607)
 931 compressed objects within 10 object streams
 388 named destinations out of 1000 (max. 500000)
 552 words of extra memory for PDF output out of 10000 (max. 10000000)

